Traceback (most recent call last):
  File "C:\Users\Sai Koushik\Desktop\ET_Hackathon\vayubudhi\backend\.venv\Lib\site-packages\urllib3\connection.py", line 204, in _new_conn
    sock = connection.create_connection(
        (self._dns_host, self.port),
    ...<2 lines>...
        socket_options=self.socket_options,
    )
  File "C:\Users\Sai Koushik\Desktop\ET_Hackathon\vayubudhi\backend\.venv\Lib\site-packages\urllib3\util\connection.py", line 85, in create_connection
    raise err
  File "C:\Users\Sai Koushik\Desktop\ET_Hackathon\vayubudhi\backend\.venv\Lib\site-packages\urllib3\util\connection.py", line 73, in create_connection
    sock.connect(sa)
    ~~~~~~~~~~~~^^^^
TimeoutError: timed out

The above exception was the direct cause of the following exception:

Traceback (most recent call last):
  File "C:\Users\Sai Koushik\Desktop\ET_Hackathon\vayubudhi\backend\.venv\Lib\site-packages\urllib3\connectionpool.py", line 788, in urlopen
    response = self._make_request(
        conn,
    ...<10 lines>...
        **response_kw,
    )
  File "C:\Users\Sai Koushik\Desktop\ET_Hackathon\vayubudhi\backend\.venv\Lib\site-packages\urllib3\connectionpool.py", line 488, in _make_request
    raise new_e
  File "C:\Users\Sai Koushik\Desktop\ET_Hackathon\vayubudhi\backend\.venv\Lib\site-packages\urllib3\connectionpool.py", line 464, in _make_request
    self._validate_conn(conn)
    ~~~~~~~~~~~~~~~~~~~^^^^^^
  File "C:\Users\Sai Koushik\Desktop\ET_Hackathon\vayubudhi\backend\.venv\Lib\site-packages\urllib3\connectionpool.py", line 1106, in _validate_conn
    conn.connect()
    ~~~~~~~~~~~~^^
  File "C:\Users\Sai Koushik\Desktop\ET_Hackathon\vayubudhi\backend\.venv\Lib\site-packages\urllib3\connection.py", line 759, in connect
    self.sock = sock = self._new_conn()
                       ~~~~~~~~~~~~~~^^
  File "C:\Users\Sai Koushik\Desktop\ET_Hackathon\vayubudhi\backend\.venv\Lib\site-packages\urllib3\connection.py", line 213, in _new_conn
    raise ConnectTimeoutError(
    ...<2 lines>...
    ) from e
urllib3.exceptions.ConnectTimeoutError: (<HTTPSConnection(host='air-quality-api.open-meteo.com', port=443) at 0x22d5c33ad50>, 'Connection to air-quality-api.open-meteo.com timed out. (connect timeout=10)')

The above exception was the direct cause of the following exception:

Traceback (most recent call last):
  File "C:\Users\Sai Koushik\Desktop\ET_Hackathon\vayubudhi\backend\.venv\Lib\site-packages\requests\adapters.py", line 696, in send
    resp = conn.urlopen(
        method=request.method,
    ...<9 lines>...
        chunked=chunked,
    )
  File "C:\Users\Sai Koushik\Desktop\ET_Hackathon\vayubudhi\backend\.venv\Lib\site-packages\urllib3\connectionpool.py", line 842, in urlopen
    retries = retries.increment(
        method, url, error=new_e, _pool=self, _stacktrace=sys.exc_info()[2]
    )
  File "C:\Users\Sai Koushik\Desktop\ET_Hackathon\vayubudhi\backend\.venv\Lib\site-packages\urllib3\util\retry.py", line 543, in increment
    raise MaxRetryError(_pool, url, reason) from reason  # type: ignore[arg-type]
    ^^^^^^^^^^^^^^^^^^^^^^^^^^^^^^^^^^^^^^^^^^^^^^^^^^^
urllib3.exceptions.MaxRetryError: HTTPSConnectionPool(host='air-quality-api.open-meteo.com', port=443): Max retries exceeded with url: /v1/air-quality?latitude=28.6468,28.6289,28.5634,28.573,28.6683,28.7325,28.6837,28.7762,28.6997,28.5305,28.6927,28.6363,28.689,28.728,28.5504,28.6517,28.6727,28.8523,28.6092,28.6235&longitude=77.316,77.2405,77.1745,77.07,77.1167,77.119,77.0254,77.0513,77.1654,77.271,77.1815,77.201,77.2097,77.1707,77.2157,77.1584,77.3151,77.0927,76.9798,77.287&current=pm2_5,pm10,nitrogen_dioxide,sulphur_dioxide,carbon_monoxide,ozone,us_aqi (Caused by ConnectTimeoutError(<HTTPSConnection(host='air-quality-api.open-meteo.com', port=443) at 0x22d5c33ad50>, 'Connection to air-quality-api.open-meteo.com timed out. (connect timeout=10)'))

During handling of the above exception, another exception occurred:

Traceback (most recent call last):
  File "C:\Users\Sai Koushik\Desktop\ET_Hackathon\vayubudhi\backend\app\routers\live.py", line 280, in get_city_data
    aq_res = requests.get(aq_url, timeout=10).json()
             ~~~~~~~~~~~~^^^^^^^^^^^^^^^^^^^^
  File "C:\Users\Sai Koushik\Desktop\ET_Hackathon\vayubudhi\backend\.venv\Lib\site-packages\requests\api.py", line 87, in get
    return request("get", url, params=params, **kwargs)
  File "C:\Users\Sai Koushik\Desktop\ET_Hackathon\vayubudhi\backend\.venv\Lib\site-packages\requests\api.py", line 71, in request
    return session.request(method=method, url=url, **kwargs)
           ~~~~~~~~~~~~~~~^^^^^^^^^^^^^^^^^^^^^^^^^^^^^^^^^^
  File "C:\Users\Sai Koushik\Desktop\ET_Hackathon\vayubudhi\backend\.venv\Lib\site-packages\requests\sessions.py", line 651, in request
    resp = self.send(prep, **send_kwargs)
  File "C:\Users\Sai Koushik\Desktop\ET_Hackathon\vayubudhi\backend\.venv\Lib\site-packages\requests\sessions.py", line 784, in send
    r = adapter.send(request, **kwargs)
  File "C:\Users\Sai Koushik\Desktop\ET_Hackathon\vayubudhi\backend\.venv\Lib\site-packages\requests\adapters.py", line 717, in send
    raise ConnectTimeout(e, request=request)
requests.exceptions.ConnectTimeout: HTTPSConnectionPool(host='air-quality-api.open-meteo.com', port=443): Max retries exceeded with url: /v1/air-quality?latitude=28.6468,28.6289,28.5634,28.573,28.6683,28.7325,28.6837,28.7762,28.6997,28.5305,28.6927,28.6363,28.689,28.728,28.5504,28.6517,28.6727,28.8523,28.6092,28.6235&longitude=77.316,77.2405,77.1745,77.07,77.1167,77.119,77.0254,77.0513,77.1654,77.271,77.1815,77.201,77.2097,77.1707,77.2157,77.1584,77.3151,77.0927,76.9798,77.287&current=pm2_5,pm10,nitrogen_dioxide,sulphur_dioxide,carbon_monoxide,ozone,us_aqi (Caused by ConnectTimeoutError(<HTTPSConnection(host='air-quality-api.open-meteo.com', port=443) at 0x22d5c33ad50>, 'Connection to air-quality-api.open-meteo.com timed out. (connect timeout=10)'))
